[debug] [2025-12-01T23:32:04.198Z] ----------------------------------------------------------------------
[debug] [2025-12-01T23:32:04.204Z] Command:       /nix/store/1qkhzhgx9w8rawvy8lvbaxqh4xb0srad-nodejs-22.10.0/bin/node /home/user/.global_modules/bin/firebase deploy --only hosting
[debug] [2025-12-01T23:32:04.205Z] CLI Version:   14.26.0
[debug] [2025-12-01T23:32:04.206Z] Platform:      linux
[debug] [2025-12-01T23:32:04.206Z] Node Version:  v22.10.0
[debug] [2025-12-01T23:32:04.207Z] Time:          Mon Dec 01 2025 23:32:04 GMT+0000 (Coordinated Universal Time)
[debug] [2025-12-01T23:32:04.207Z] ----------------------------------------------------------------------
[debug] 
[debug] [2025-12-01T23:32:05.234Z] Checked if tokens are valid: true, expires at: 1764634444267
[debug] [2025-12-01T23:32:05.236Z] Checked if tokens are valid: true, expires at: 1764634444267
[debug] [2025-12-01T23:32:05.248Z] >>> [apiv2][query] GET https://monospace-pa.googleapis.com/v1/workspaces/aiengiv2-67568668 [none]
[debug] [2025-12-01T23:32:06.137Z] <<< [apiv2][status] GET https://monospace-pa.googleapis.com/v1/workspaces/aiengiv2-67568668 200
[debug] [2025-12-01T23:32:06.142Z] <<< [apiv2][body] GET https://monospace-pa.googleapis.com/v1/workspaces/aiengiv2-67568668 {"workspaceId":"aiengiv2-67568668","name":"AIengiv2","workspaceRedirectUrl":"firebase-aiengiv2-1764465879660.cluster-muh7x464abftkrqshm4vshlbtu.cloudworkstations.dev","status":"WORKSPACE_STATUS_RUNNING","lastAccessDatetime":"2025-12-01T23:29:26.396328Z","workspaceTemplate":"WORKSPACE_TEMPLATE_BLANK_WEB","owner":"SELF","serviceAccountEmail":"msp-1048782977011981675@monospace-per-ws-sa-3.iam.gserviceaccount.com","gitRepoUrl":"https://github.com/Rivulus365/AIengiv2","enableNix":true,"ownerEmail":"Marco.OspinaLHS@gmail.com","workstationAccessToken":"eyJhbGciOiJSUzI1NiIsInR5cCI6IkpXVCJ9.eyJpc3MiOiJodHRwczovL2Nsb3VkLmdvb2dsZS5jb20vd29ya3N0YXRpb25zIiwiYXVkIjoiZmlyZWJhc2UtYWllbmdpdjItMTc2NDQ2NTg3OTY2MC5jbHVzdGVyLW11aDd4NDY0YWJmdGtycXNobTR2c2hsYnR1LmNsb3Vkd29ya3N0YXRpb25zLmRldiIsImlhdCI6MTc2NDYzMTkyNiwiZXhwIjoxNzY0NzE4MzI1fQ.o3VYWGa4bvQRs1HwF4Yogizm5t-L5LULMqfFtS3DX-JAlXG9IUgRuqRBkHFAZhGrrhmZjb5ePtPBU1_iisvJfdgwDzRz_Gyo10aSdZR-cnKXo7HLZ2rrXb8tTKiOguR5hs3Ds1auss9nR8mZ4uiK3BdDX3yLcSwqYC_n09-8Xx_f-PWSLRgCWEQg4gr9w_OPgIGQIV7vmbhtLzs7qNO1dxHBydQNpmnsujNS_q2RgJu4xmijik1kLchbOr_rOZ32mSV8RKyhvXrblbT6F_-4ldV87HVc3O1TCKzAFDbTwgoi2Nd1tgMz7bsYxk4FTzIkE7O2K5r4p0qnYeoVRYjbIQ","firebaseProjectId":"aiengi"}
[debug] [2025-12-01T23:32:06.154Z] > command requires scopes: ["email","openid","https://www.googleapis.com/auth/cloudplatformprojects.readonly","https://www.googleapis.com/auth/firebase","https://www.googleapis.com/auth/cloud-platform","https://www.googleapis.com/auth/userinfo.email"]
[debug] [2025-12-01T23:32:06.159Z] > authorizing via signed-in user (marco.ospinalhs@gmail.com)
[debug] [2025-12-01T23:32:06.159Z] [iam] checking project aiengi for permissions ["firebase.projects.get","firebasehosting.sites.update"]
[debug] [2025-12-01T23:32:06.161Z] Checked if tokens are valid: true, expires at: 1764634444267
[debug] [2025-12-01T23:32:06.161Z] Checked if tokens are valid: true, expires at: 1764634444267
[debug] [2025-12-01T23:32:06.164Z] >>> [apiv2][query] POST https://cloudresourcemanager.googleapis.com/v1/projects/aiengi:testIamPermissions [none]
[debug] [2025-12-01T23:32:06.164Z] >>> [apiv2][(partial)header] POST https://cloudresourcemanager.googleapis.com/v1/projects/aiengi:testIamPermissions x-goog-quota-user=projects/aiengi
[debug] [2025-12-01T23:32:06.164Z] >>> [apiv2][body] POST https://cloudresourcemanager.googleapis.com/v1/projects/aiengi:testIamPermissions {"permissions":["firebase.projects.get","firebasehosting.sites.update"]}
[debug] [2025-12-01T23:32:06.318Z] <<< [apiv2][status] POST https://cloudresourcemanager.googleapis.com/v1/projects/aiengi:testIamPermissions 200
[debug] [2025-12-01T23:32:06.323Z] <<< [apiv2][body] POST https://cloudresourcemanager.googleapis.com/v1/projects/aiengi:testIamPermissions {"permissions":["firebase.projects.get","firebasehosting.sites.update"]}
[debug] [2025-12-01T23:32:06.329Z] Checked if tokens are valid: true, expires at: 1764634444267
[debug] [2025-12-01T23:32:06.330Z] Checked if tokens are valid: true, expires at: 1764634444267
[debug] [2025-12-01T23:32:06.330Z] >>> [apiv2][query] GET https://firebase.googleapis.com/v1beta1/projects/aiengi [none]
[debug] [2025-12-01T23:32:06.511Z] <<< [apiv2][status] GET https://firebase.googleapis.com/v1beta1/projects/aiengi 200
